\BOOKMARK [1][-]{section.1}{\376\377\133\236\232\214\166\356\166\204}{}% 1
\BOOKMARK [2][-]{subsection.1.1}{\376\377\155\361\121\145\164\006\211\343\217\333\172\013\173\241\164\006\116\016\214\003\136\246}{section.1}% 2
\BOOKMARK [2][-]{subsection.1.2}{\376\377\143\214\143\341\121\205\150\070\145\160\143\156\176\323\147\204\166\204\142\151\134\125\116\016\174\373\176\337\214\003\165\050}{section.1}% 3
\BOOKMARK [2][-]{subsection.1.3}{\376\377\155\361\121\145\164\006\211\343\217\333\172\013\124\014\153\145\116\016\116\222\145\245}{section.1}% 4
\BOOKMARK [2][-]{subsection.1.4}{\376\377\143\214\143\341\117\341\123\367\221\317\147\072\122\066\166\204\123\237\164\006\116\016\133\236\163\260}{section.1}% 5
\BOOKMARK [1][-]{section.2}{\376\377\133\236\232\214\163\257\130\203}{}% 6
\BOOKMARK [2][-]{subsection.2.1}{\376\377\170\154\116\366\163\257\130\203}{section.2}% 7
\BOOKMARK [2][-]{subsection.2.2}{\376\377\217\157\116\366\163\257\130\203}{section.2}% 8
\BOOKMARK [1][-]{section.3}{\376\377\133\236\232\214\211\201\154\102}{}% 9
\BOOKMARK [2][-]{subsection.3.1}{\376\377\116\373\122\241\116\000\377\032\217\333\172\013\117\030\121\110\176\247\173\241\164\006}{section.3}% 10
\BOOKMARK [2][-]{subsection.3.2}{\376\377\116\373\122\241\116\214\377\032\117\341\123\367\221\317\133\236\163\260}{section.3}% 11
\BOOKMARK [2][-]{subsection.3.3}{\376\377\116\373\122\241\116\011\377\032\117\177\165\050\117\341\123\367\221\317\211\343\121\263\145\207\116\366\213\373\121\231\116\222\145\245}{section.3}% 12
\BOOKMARK [1][-]{section.4}{\376\377\133\236\232\214\155\101\172\013}{}% 13
\BOOKMARK [2][-]{subsection.4.1}{\376\377\133\236\232\214\121\306\131\007\377\032\121\205\150\070\127\372\170\100\117\356\145\071}{section.4}% 14
\BOOKMARK [3][-]{subsubsection.4.1.1}{\376\377\142\151\134\125\217\333\172\013\143\247\122\066\127\127\377\010\000s\000t\000r\000u\000c\000t\000\040\000p\000r\000o\000c\377\011}{subsection.4.1}% 15
\BOOKMARK [3][-]{subsubsection.4.1.2}{\376\377\174\373\176\337\214\003\165\050\133\236\163\260\155\101\172\013}{subsection.4.1}% 16
\BOOKMARK [2][-]{subsection.4.2}{\376\377\116\373\122\241\116\000\377\032\217\333\172\013\117\030\121\110\176\247\173\241\164\006}{section.4}% 17
\BOOKMARK [3][-]{subsubsection.4.2.1}{\376\377\133\236\163\260\140\035\215\357\116\016\155\101\172\013}{subsection.4.2}% 18
\BOOKMARK [3][-]{subsubsection.4.2.2}{\376\377\153\145\232\244\116\000\377\032\133\236\163\260\000\040\000s\000e\000t\000p\000r\000i\000o\000r\000i\000t\000y\000\050\000\051\000\040\174\373\176\337\214\003\165\050}{subsection.4.2}% 19
\BOOKMARK [3][-]{subsubsection.4.2.3}{\376\377\153\145\232\244\116\214\377\032\133\236\163\260\000\040\000g\000e\000t\000p\000t\000a\000b\000l\000e\000\050\000\051\000\040\174\373\176\337\214\003\165\050}{subsection.4.2}% 20
\BOOKMARK [3][-]{subsubsection.4.2.4}{\376\377\153\145\232\244\116\011\377\032\133\236\163\260\165\050\142\067\140\001\172\013\136\217\000\040\000n\000i\000c\000e\000.\000c}{subsection.4.2}% 21
\BOOKMARK [3][-]{subsubsection.4.2.5}{\376\377\153\145\232\244\126\333\377\032\133\236\163\260\165\050\142\067\140\001\172\013\136\217\000\040\000p\000s\000.\000c}{subsection.4.2}% 22
\BOOKMARK [3][-]{subsubsection.4.2.6}{\376\377\155\113\213\325\116\016\232\214\213\301}{subsection.4.2}% 23
\BOOKMARK [2][-]{subsection.4.3}{\376\377\116\373\122\241\116\214\377\032\117\341\123\367\221\317\133\236\163\260}{section.4}% 24
\BOOKMARK [3][-]{subsubsection.4.3.1}{\376\377\133\236\163\260\140\035\215\357\116\016\145\160\143\156\176\323\147\204}{subsection.4.3}% 25
\BOOKMARK [3][-]{subsubsection.4.3.2}{\376\377\153\145\232\244\116\000\377\032\133\232\116\111\117\341\123\367\221\317\145\160\143\156\176\323\147\204\116\016\122\035\131\313\123\026}{subsection.4.3}% 26
\BOOKMARK [3][-]{subsubsection.4.3.3}{\376\377\153\145\232\244\116\214\377\032\133\236\163\260\000\040\000s\000e\000m\000\137\000i\000n\000i\000t\000\050\000\051\000\040\124\214\000\040\000s\000e\000m\000\137\000d\000e\000s\000t\000r\000o\000y\000\050\000\051}{subsection.4.3}% 27
\BOOKMARK [3][-]{subsubsection.4.3.4}{\376\377\153\145\232\244\116\011\377\032\133\236\163\260\000\040\000s\000e\000m\000\137\000w\000a\000i\000t\000\050\000\051\000\040\000\050\000P\144\315\117\134\000\051}{subsection.4.3}% 28
\BOOKMARK [3][-]{subsubsection.4.3.5}{\376\377\153\145\232\244\126\333\377\032\133\236\163\260\000\040\000s\000e\000m\000\137\000s\000i\000g\000n\000a\000l\000\050\000\051\000\040\000\050\000V\144\315\117\134\000\051}{subsection.4.3}% 29
\BOOKMARK [2][-]{subsection.4.4}{\376\377\116\373\122\241\116\011\377\032\117\177\165\050\117\341\123\367\221\317\211\343\121\263\145\207\116\366\213\373\121\231\116\222\145\245}{section.4}% 30
\BOOKMARK [3][-]{subsubsection.4.4.1}{\376\377\136\166\123\321\225\356\230\230\122\006\147\220\116\016\116\064\165\114\123\072\133\232\116\111}{subsection.4.4}% 31
\BOOKMARK [3][-]{subsubsection.4.4.2}{\376\377\133\236\163\260\140\035\215\357\377\010\000s\000e\000m\000\137\000t\000e\000s\000t\000.\000c\377\011}{subsection.4.4}% 32
\BOOKMARK [3][-]{subsubsection.4.4.3}{\376\377\155\113\213\325\116\016\232\214\213\301}{subsection.4.4}% 33
\BOOKMARK [1][-]{section.5}{\376\377\133\236\232\214\140\073\176\323}{}% 34
\BOOKMARK [2][-]{subsection.5.1}{\376\377\143\214\143\341\116\206\217\333\172\013\117\030\121\110\176\247\166\204\122\250\140\001\173\241\164\006}{section.5}% 35
\BOOKMARK [2][-]{subsection.5.2}{\376\377\143\214\143\341\116\206\117\341\123\367\221\317\147\072\122\066\166\204\121\205\150\070\176\247\133\236\163\260}{section.5}% 36
\BOOKMARK [2][-]{subsection.5.3}{\376\377\211\343\121\263\116\206\136\166\123\321\163\257\130\203\116\013\166\204\116\064\165\114\123\072\117\335\142\244}{section.5}% 37
\BOOKMARK [2][-]{subsection.5.4}{\376\377\155\361\121\145\164\006\211\343\116\206\000\040\000S\000l\000e\000e\000p\000\040\124\214\000\040\000W\000a\000k\000e\000u\000p\000\040\152\041\127\213}{section.5}% 38
\BOOKMARK [1][-]{section.6}{\376\377\133\236\232\214\137\303\137\227}{}% 39
\BOOKMARK [1][-]{section.7}{\376\377\226\104\137\125\377\032\150\070\137\303\116\343\170\001\133\236\163\260}{}% 40
\BOOKMARK [2][-]{subsection.7.1}{\376\377\226\104\137\125\000A\377\032\145\160\143\156\176\323\147\204\133\232\116\111}{section.7}% 41
\BOOKMARK [3][-]{subsubsection.7.1.1}{\376\377\000A\000.\0001\000\040\000p\000t\000a\000b\000l\000e\000.\000h\000\040\000-\000\040\217\333\172\013\117\341\140\157\176\323\147\204}{subsection.7.1}% 42
\BOOKMARK [3][-]{subsubsection.7.1.2}{\376\377\000A\000.\0002\000\040\000p\000r\000o\000c\000.\000h\000\040\000-\000\040\217\333\172\013\143\247\122\066\127\127\142\151\134\125}{subsection.7.1}% 43
\BOOKMARK [3][-]{subsubsection.7.1.3}{\376\377\000A\000.\0003\000\040\000p\000r\000o\000c\000.\000c\000\040\000-\000\040\117\341\123\367\221\317\176\323\147\204\133\232\116\111}{subsection.7.1}% 44
\BOOKMARK [2][-]{subsection.7.2}{\376\377\226\104\137\125\000B\377\032\217\333\172\013\173\241\164\006\174\373\176\337\214\003\165\050\133\236\163\260}{section.7}% 45
\BOOKMARK [3][-]{subsubsection.7.2.1}{\376\377\000B\000.\0001\000\040\000p\000r\000o\000c\000.\000c\000\040\000-\000\040\000s\000e\000t\000p\000r\000i\000o\000r\000i\000t\000y\121\375\145\160}{subsection.7.2}% 46
\BOOKMARK [3][-]{subsubsection.7.2.2}{\376\377\000B\000.\0002\000\040\000p\000r\000o\000c\000.\000c\000\040\000-\000\040\000g\000e\000t\000p\000t\000a\000b\000l\000e\121\375\145\160}{subsection.7.2}% 47
\BOOKMARK [3][-]{subsubsection.7.2.3}{\376\377\000B\000.\0003\000\040\000s\000y\000s\000p\000r\000o\000c\000.\000c\000\040\000-\000\040\174\373\176\337\214\003\165\050\123\005\210\305\126\150}{subsection.7.2}% 48
\BOOKMARK [2][-]{subsection.7.3}{\376\377\226\104\137\125\000C\377\032\165\050\142\067\140\001\172\013\136\217\133\236\163\260}{section.7}% 49
\BOOKMARK [3][-]{subsubsection.7.3.1}{\376\377\000C\000.\0001\000\040\000p\000s\000.\000c\000\040\000-\000\040\217\333\172\013\147\345\167\013\124\175\116\344}{subsection.7.3}% 50
\BOOKMARK [3][-]{subsubsection.7.3.2}{\376\377\000C\000.\0002\000\040\000n\000i\000c\000e\000.\000c\000\040\000-\000\040\117\030\121\110\176\247\117\356\145\071\124\175\116\344}{subsection.7.3}% 51
\BOOKMARK [2][-]{subsection.7.4}{\376\377\226\104\137\125\000D\377\032\117\341\123\367\221\317\133\236\163\260}{section.7}% 52
\BOOKMARK [3][-]{subsubsection.7.4.1}{\376\377\000D\000.\0001\000\040\000p\000r\000o\000c\000.\000c\000\040\000-\000\040\000s\000e\000m\000\137\000i\000n\000i\000t\121\375\145\160}{subsection.7.4}% 53
\BOOKMARK [3][-]{subsubsection.7.4.2}{\376\377\000D\000.\0002\000\040\000p\000r\000o\000c\000.\000c\000\040\000-\000\040\000s\000e\000m\000\137\000d\000e\000s\000t\000r\000o\000y\121\375\145\160}{subsection.7.4}% 54
\BOOKMARK [3][-]{subsubsection.7.4.3}{\376\377\000D\000.\0003\000\040\000p\000r\000o\000c\000.\000c\000\040\000-\000\040\000s\000e\000m\000\137\000w\000a\000i\000t\121\375\145\160\000\050\000P\144\315\117\134\000\051}{subsection.7.4}% 55
\BOOKMARK [3][-]{subsubsection.7.4.4}{\376\377\000D\000.\0004\000\040\000p\000r\000o\000c\000.\000c\000\040\000-\000\040\000s\000e\000m\000\137\000s\000i\000g\000n\000a\000l\121\375\145\160\000\050\000V\144\315\117\134\000\051}{subsection.7.4}% 56
\BOOKMARK [3][-]{subsubsection.7.4.5}{\376\377\000D\000.\0005\000\040\000s\000y\000s\000p\000r\000o\000c\000.\000c\000\040\000-\000\040\117\341\123\367\221\317\174\373\176\337\214\003\165\050\123\005\210\305\126\150}{subsection.7.4}% 57
\BOOKMARK [2][-]{subsection.7.5}{\376\377\226\104\137\125\000E\377\032\117\341\123\367\221\317\155\113\213\325\172\013\136\217}{section.7}% 58
\BOOKMARK [3][-]{subsubsection.7.5.1}{\376\377\000E\000.\0001\000\040\000s\000e\000m\000\137\000t\000e\000s\000t\000.\000c\000\040\000-\000\040\133\214\145\164\133\236\163\260}{subsection.7.5}% 59
